../Core/Src/main.c:84:5:main	328	static
../Core/Src/main.c:175:6:SystemClock_Config	88	static
../Core/Src/main.c:221:13:MX_ADC1_Init	24	static
../Core/Src/main.c:273:13:MX_TIM2_Init	64	static
../Core/Src/main.c:332:13:MX_TIM3_Init	32	static
../Core/Src/main.c:377:13:MX_USART1_UART_Init	8	static
../Core/Src/main.c:410:13:MX_USART2_UART_Init	8	static
../Core/Src/main.c:441:13:MX_DMA_Init	16	static
../Core/Src/main.c:459:13:MX_GPIO_Init	48	static
../Core/Src/main.c:492:6:HAL_TIM_PeriodElapsedCallback	480	static
../Core/Src/main.c:522:6:HAL_UART_TxCpltCallback	16	static
../Core/Src/main.c:527:6:HAL_UART_RxCpltCallback	120	static
../Core/Src/main.c:541:6:Mode2	32	static
../Core/Src/main.c:563:6:Error_Handler	4	static,ignoring_inline_asm
