../Core/Src/main.c:84:5:main	328	static
../Core/Src/main.c:174:6:SystemClock_Config	88	static
../Core/Src/main.c:220:13:MX_ADC1_Init	24	static
../Core/Src/main.c:272:13:MX_TIM2_Init	64	static
../Core/Src/main.c:331:13:MX_TIM3_Init	32	static
../Core/Src/main.c:376:13:MX_USART1_UART_Init	8	static
../Core/Src/main.c:409:13:MX_USART2_UART_Init	8	static
../Core/Src/main.c:440:13:MX_DMA_Init	16	static
../Core/Src/main.c:458:13:MX_GPIO_Init	48	static
../Core/Src/main.c:491:6:HAL_TIM_PeriodElapsedCallback	472	static
../Core/Src/main.c:521:6:HAL_UART_TxCpltCallback	16	static
../Core/Src/main.c:526:6:HAL_UART_RxCpltCallback	120	static
../Core/Src/main.c:544:6:Error_Handler	4	static,ignoring_inline_asm
